Archive member included to satisfy reference by file (symbol)

/Applications/STM32CubeIDE.app/Contents/Eclipse/plugins/com.st.stm32cube.ide.mcu.externaltools.gnu-tools-for-stm32.11.3.rel1.macos64_1.1.1.202309131626/tools/bin/../lib/gcc/arm-none-eabi/11.3.1/../../../../arm-none-eabi/lib/thumb/v7e-m+fp/hard/libc_nano.a(libc_a-exit.o)
                              /Applications/STM32CubeIDE.app/Contents/Eclipse/plugins/com.st.stm32cube.ide.mcu.externaltools.gnu-tools-for-stm32.11.3.rel1.macos64_1.1.1.202309131626/tools/bin/../lib/gcc/arm-none-eabi/11.3.1/../../../../arm-none-eabi/lib/thumb/v7e-m+fp/hard/crt0.o (exit)
/Applications/STM32CubeIDE.app/Contents/Eclipse/plugins/com.st.stm32cube.ide.mcu.externaltools.gnu-tools-for-stm32.11.3.rel1.macos64_1.1.1.202309131626/tools/bin/../lib/gcc/arm-none-eabi/11.3.1/../../../../arm-none-eabi/lib/thumb/v7e-m+fp/hard/libc_nano.a(libc_a-malloc.o)
                              ./Core/Src/ble.o (malloc)
/Applications/STM32CubeIDE.app/Contents/Eclipse/plugins/com.st.stm32cube.ide.mcu.externaltools.gnu-tools-for-stm32.11.3.rel1.macos64_1.1.1.202309131626/tools/bin/../lib/gcc/arm-none-eabi/11.3.1/../../../../arm-none-eabi/lib/thumb/v7e-m+fp/hard/libc_nano.a(libc_a-mallocr.o)
                              /Applications/STM32CubeIDE.app/Contents/Eclipse/plugins/com.st.stm32cube.ide.mcu.externaltools.gnu-tools-for-stm32.11.3.rel1.macos64_1.1.1.202309131626/tools/bin/../lib/gcc/arm-none-eabi/11.3.1/../../../../arm-none-eabi/lib/thumb/v7e-m+fp/hard/libc_nano.a(libc_a-malloc.o) (_malloc_r)
/Applications/STM32CubeIDE.app/Contents/Eclipse/plugins/com.st.stm32cube.ide.mcu.externaltools.gnu-tools-for-stm32.11.3.rel1.macos64_1.1.1.202309131626/tools/bin/../lib/gcc/arm-none-eabi/11.3.1/../../../../arm-none-eabi/lib/thumb/v7e-m+fp/hard/libc_nano.a(libc_a-mlock.o)
                              /Applications/STM32CubeIDE.app/Contents/Eclipse/plugins/com.st.stm32cube.ide.mcu.externaltools.gnu-tools-for-stm32.11.3.rel1.macos64_1.1.1.202309131626/tools/bin/../lib/gcc/arm-none-eabi/11.3.1/../../../../arm-none-eabi/lib/thumb/v7e-m+fp/hard/libc_nano.a(libc_a-mallocr.o) (__malloc_lock)
/Applications/STM32CubeIDE.app/Contents/Eclipse/plugins/com.st.stm32cube.ide.mcu.externaltools.gnu-tools-for-stm32.11.3.rel1.macos64_1.1.1.202309131626/tools/bin/../lib/gcc/arm-none-eabi/11.3.1/../../../../arm-none-eabi/lib/thumb/v7e-m+fp/hard/libc_nano.a(libc_a-findfp.o)
                              /Applications/STM32CubeIDE.app/Contents/Eclipse/plugins/com.st.stm32cube.ide.mcu.externaltools.gnu-tools-for-stm32.11.3.rel1.macos64_1.1.1.202309131626/tools/bin/../lib/gcc/arm-none-eabi/11.3.1/../../../../arm-none-eabi/lib/thumb/v7e-m+fp/hard/libc_nano.a(libc_a-exit.o) (__stdio_exit_handler)
/Applications/STM32CubeIDE.app/Contents/Eclipse/plugins/com.st.stm32cube.ide.mcu.externaltools.gnu-tools-for-stm32.11.3.rel1.macos64_1.1.1.202309131626/tools/bin/../lib/gcc/arm-none-eabi/11.3.1/../../../../arm-none-eabi/lib/thumb/v7e-m+fp/hard/libc_nano.a(libc_a-fwalk.o)
                              /Applications/STM32CubeIDE.app/Contents/Eclipse/plugins/com.st.stm32cube.ide.mcu.externaltools.gnu-tools-for-stm32.11.3.rel1.macos64_1.1.1.202309131626/tools/bin/../lib/gcc/arm-none-eabi/11.3.1/../../../../arm-none-eabi/lib/thumb/v7e-m+fp/hard/libc_nano.a(libc_a-findfp.o) (_fwalk_sglue)
/Applications/STM32CubeIDE.app/Contents/Eclipse/plugins/com.st.stm32cube.ide.mcu.externaltools.gnu-tools-for-stm32.11.3.rel1.macos64_1.1.1.202309131626/tools/bin/../lib/gcc/arm-none-eabi/11.3.1/../../../../arm-none-eabi/lib/thumb/v7e-m+fp/hard/libc_nano.a(libc_a-memset.o)
                              /Applications/STM32CubeIDE.app/Contents/Eclipse/plugins/com.st.stm32cube.ide.mcu.externaltools.gnu-tools-for-stm32.11.3.rel1.macos64_1.1.1.202309131626/tools/bin/../lib/gcc/arm-none-eabi/11.3.1/../../../../arm-none-eabi/lib/thumb/v7e-m+fp/hard/crt0.o (memset)
/Applications/STM32CubeIDE.app/Contents/Eclipse/plugins/com.st.stm32cube.ide.mcu.externaltools.gnu-tools-for-stm32.11.3.rel1.macos64_1.1.1.202309131626/tools/bin/../lib/gcc/arm-none-eabi/11.3.1/../../../../arm-none-eabi/lib/thumb/v7e-m+fp/hard/libc_nano.a(libc_a-impure.o)
                              /Applications/STM32CubeIDE.app/Contents/Eclipse/plugins/com.st.stm32cube.ide.mcu.externaltools.gnu-tools-for-stm32.11.3.rel1.macos64_1.1.1.202309131626/tools/bin/../lib/gcc/arm-none-eabi/11.3.1/../../../../arm-none-eabi/lib/thumb/v7e-m+fp/hard/libc_nano.a(libc_a-malloc.o) (_impure_ptr)
/Applications/STM32CubeIDE.app/Contents/Eclipse/plugins/com.st.stm32cube.ide.mcu.externaltools.gnu-tools-for-stm32.11.3.rel1.macos64_1.1.1.202309131626/tools/bin/../lib/gcc/arm-none-eabi/11.3.1/../../../../arm-none-eabi/lib/thumb/v7e-m+fp/hard/libc_nano.a(libc_a-sbrkr.o)
[...]
Memory Configuration

Name             Origin             Length             Attributes
RAM              0x0000000020000000 0x0000000000018000 xrw
RAM2             0x0000000010000000 0x0000000000008000 xrw
FLASH            0x0000000008000000 0x0000000000100000 xr
*default*        0x0000000000000000 0xffffffffffffffff

Linker script and memory map

LOAD /Applications/STM32CubeIDE.app/Contents/Eclipse/plugins/com.st.stm32cube.ide.mcu.externaltools.gnu-tools-for-stm32.11.3.rel1.macos64_1.1.1.202309131626/tools/bin/../lib/gcc/arm-none-eabi/11.3.1/thumb/v7e-m+fp/hard/crti.o
LOAD /Applications/STM32CubeIDE.app/Contents/Eclipse/plugins/com.st.stm32cube.ide.mcu.externaltools.gnu-tools-for-stm32.11.3.rel1.macos64_1.1.1.202309131626/tools/bin/../lib/gcc/arm-none-eabi/11.3.1/thumb/v7e-m+fp/hard/crtbegin.o
LOAD /Applications/STM32CubeIDE.app/Contents/Eclipse/plugins/com.st.stm32cube.ide.mcu.externaltools.gnu-tools-for-stm32.11.3.rel1.macos64_1.1.1.202309131626/tools/bin/../lib/gcc/arm-none-eabi/11.3.1/../../../../arm-none-eabi/lib/thumb/v7e-m+fp/hard/crt0.o
LOAD ./Core/Src/ble.o
LOAD ./Core/Src/main.o
LOAD ./Core/Src/stm32l4xx_hal_msp.o
LOAD ./Core/Src/stm32l4xx_it.o
LOAD ./Core/Src/syscalls.o
LOAD ./Core/Src/system_stm32l4xx.o
LOAD ./Core/Startup/startup_stm32l475vgtx.o
LOAD ./Drivers/STM32L4xx_HAL_Driver/Src/stm32l4xx_hal.o
LOAD ./Drivers/STM32L4xx_HAL_Driver/Src/stm32l4xx_hal_cortex.o
LOAD ./Drivers/STM32L4xx_HAL_Driver/Src/stm32l4xx_hal_dma.o
LOAD ./Drivers/STM32L4xx_HAL_Driver/Src/stm32l4xx_hal_dma_ex.o
LOAD ./Drivers/STM32L4xx_HAL_Driver/Src/stm32l4xx_hal_exti.o
LOAD ./Drivers/STM32L4xx_HAL_Driver/Src/stm32l4xx_hal_flash.o
LOAD ./Drivers/STM32L4xx_HAL_Driver/Src/stm32l4xx_hal_flash_ex.o
LOAD ./Drivers/STM32L4xx_HAL_Driver/Src/stm32l4xx_hal_flash_ramfunc.o
LOAD ./Drivers/STM32L4xx_HAL_Driver/Src/stm32l4xx_hal_gpio.o
LOAD ./Drivers/STM32L4xx_HAL_Driver/Src/stm32l4xx_hal_i2c.o
LOAD ./Drivers/STM32L4xx_HAL_Driver/Src/stm32l4xx_hal_i2c_ex.o
LOAD ./Drivers/STM32L4xx_HAL_Driver/Src/stm32l4xx_hal_pwr.o
LOAD ./Drivers/STM32L4xx_HAL_Driver/Src/stm32l4xx_hal_pwr_ex.o
LOAD ./Drivers/STM32L4xx_HAL_Driver/Src/stm32l4xx_hal_rcc.o
LOAD ./Drivers/STM32L4xx_HAL_Driver/Src/stm32l4xx_hal_rcc_ex.o
LOAD ./Drivers/STM32L4xx_HAL_Driver/Src/stm32l4xx_hal_spi.o
LOAD ./Drivers/STM32L4xx_HAL_Driver/Src/stm32l4xx_hal_spi_ex.o
LOAD ./Drivers/STM32L4xx_HAL_Driver/Src/stm32l4xx_hal_tim.o
LOAD ./Drivers/STM32L4xx_HAL_Driver/Src/stm32l4xx_hal_tim_ex.o
START GROUP
LOAD /Applications/STM32CubeIDE.app/Contents/Eclipse/plugins/com.st.stm32cube.ide.mcu.externaltools.gnu-tools-for-stm32.11.3.rel1.macos64_1.1.1.202309131626/tools/bin/../lib/gcc/arm-none-eabi/11.3.1/../../../../arm-none-eabi/lib/thumb/v7e-m+fp/hard/libc_nano.a
LOAD /Applications/STM32CubeIDE.app/Contents/Eclipse/plugins/com.st.stm32cube.ide.mcu.externaltools.gnu-tools-for-stm32.11.3.rel1.macos64_1.1.1.202309131626/tools/bin/../lib/gcc/arm-none-eabi/11.3.1/../../../../arm-none-eabi/lib/thumb/v7e-m+fp/hard/libm.a
END GROUP
START GROUP
LOAD /Applications/STM32CubeIDE.app/Contents/Eclipse/plugins/com.st.stm32cube.ide.mcu.externaltools.gnu-tools-for-stm32.11.3.rel1.macos64_1.1.1.202309131626/tools/bin/../lib/gcc/arm-none-eabi/11.3.1/thumb/v7e-m+fp/hard/libgcc.a
LOAD /Applications/STM32CubeIDE.app/Contents/Eclipse/plugins/com.st.stm32cube.ide.mcu.externaltools.gnu-tools-for-stm32.11.3.rel1.macos64_1.1.1.202309131626/tools/bin/../lib/gcc/arm-none-eabi/11.3.1/../../../../arm-none-eabi/lib/thumb/v7e-m+fp/hard/libc_nano.a
END GROUP
START GROUP
LOAD /Applications/STM32CubeIDE.app/Contents/Eclipse/plugins/com.st.stm32cube.ide.mcu.externaltools.gnu-tools-for-stm32.11.3.rel1.macos64_1.1.1.202309131626/tools/bin/../lib/gcc/arm-none-eabi/11.3.1/thumb/v7e-m+fp/hard/libgcc.a
LOAD /Applications/STM32CubeIDE.app/Contents/Eclipse/plugins/com.st.stm32cube.ide.mcu.externaltools.gnu-tools-for-stm32.11.3.rel1.macos64_1.1.1.202309131626/tools/bin/../lib/gcc/arm-none-eabi/11.3.1/../../../../arm-none-eabi/lib/thumb/v7e-m+fp/hard/libc_nano.a
LOAD /Applications/STM32CubeIDE.app/Contents/Eclipse/plugins/com.st.stm32cube.ide.mcu.externaltools.gnu-tools-for-stm32.11.3.rel1.macos64_1.1.1.202309131626/tools/bin/../lib/gcc/arm-none-eabi/11.3.1/../../../../arm-none-eabi/lib/thumb/v7e-m+fp/hard/libnosys.a
END GROUP
START GROUP
LOAD /Applications/STM32CubeIDE.app/Contents/Eclipse/plugins/com.st.stm32cube.ide.mcu.externaltools.gnu-tools-for-stm32.11.3.rel1.macos64_1.1.1.202309131626/tools/bin/../lib/gcc/arm-none-eabi/11.3.1/thumb/v7e-m+fp/hard/libgcc.a
LOAD /Applications/STM32CubeIDE.app/Contents/Eclipse/plugins/com.st.stm32cube.ide.mcu.externaltools.gnu-tools-for-stm32.11.3.rel1.macos64_1.1.1.202309131626/tools/bin/../lib/gcc/arm-none-eabi/11.3.1/../../../../arm-none-eabi/lib/thumb/v7e-m+fp/hard/libc_nano.a
LOAD /Applications/STM32CubeIDE.app/Contents/Eclipse/plugins/com.st.stm32cube.ide.mcu.externaltools.gnu-tools-for-stm32.11.3.rel1.macos64_1.1.1.202309131626/tools/bin/../lib/gcc/arm-none-eabi/11.3.1/../../../../arm-none-eabi/lib/thumb/v7e-m+fp/hard/libnosys.a
END GROUP
LOAD /Applications/STM32CubeIDE.app/Contents/Eclipse/plugins/com.st.stm32cube.ide.mcu.externaltools.gnu-tools-for-stm32.11.3.rel1.macos64_1.1.1.202309131626/tools/bin/../lib/gcc/arm-none-eabi/11.3.1/thumb/v7e-m+fp/hard/crtend.o
LOAD /Applications/STM32CubeIDE.app/Contents/Eclipse/plugins/com.st.stm32cube.ide.mcu.externaltools.gnu-tools-for-stm32.11.3.rel1.macos64_1.1.1.202309131626/tools/bin/../lib/gcc/arm-none-eabi/11.3.1/thumb/v7e-m+fp/hard/crtn.o
                0x0000000020018000                _estack = (ORIGIN (RAM) + LENGTH (RAM))
                0x0000000000000200                _Min_Heap_Size = 0x200
                0x0000000000000400                _Min_Stack_Size = 0x400

.isr_vector     0x0000000008000000      0x188
                0x0000000008000000                . = ALIGN (0x4)
 *(.isr_vector)
 .isr_vector    0x0000000008000000      0x188 ./Core/Startup/startup_stm32l475vgtx.o
                0x0000000008000000                g_pfnVectors
                0x0000000008000188                . = ALIGN (0x4)

.text           0x0000000008000188     0x2ec4
                0x0000000008000188                . = ALIGN (0x4)
 *(.text)
 .text          0x0000000008000188       0x40 /Applications/STM32CubeIDE.app/Contents/Eclipse/plugins/com.st.stm32cube.ide.mcu.externaltools.gnu-tools-for-stm32.11.3.rel1.macos64_1.1.1.202309131626/tools/bin/../lib/gcc/arm-none-eabi/11.3.1/thumb/v7e-m+fp/hard/crtbegin.o
 *(.text*)
 .text.ble_init
                0x00000000080001c8      0x234 ./Core/Src/ble.o
                0x00000000080001c8                ble_init
 .text.fetchBleEvent
                0x00000000080003fc      0x114 ./Core/Src/ble.o
                0x00000000080003fc                fetchBleEvent
 .text.checkEventResp
                0x0000000008000510       0x4c ./Core/Src/ble.o
                0x0000000008000510                checkEventResp
 .text.sendCommand
                0x000000000800055c       0x98 ./Core/Src/ble.o
                0x000000000800055c                sendCommand
 .text.catchBLE
                0x00000000080005f4       0x3c ./Core/Src/ble.o
                0x00000000080005f4                catchBLE
 .text.setConnectable
                0x0000000008000630      0x100 ./Core/Src/ble.o
                0x0000000008000630                setConnectable
 .text.BLE_command
                0x0000000008000730       0x98 ./Core/Src/ble.o
                0x0000000008000730                BLE_command
 .text.addService
                0x00000000080007c8       0x70 ./Core/Src/ble.o
                0x00000000080007c8                addService
 .text.addCharacteristic
                0x0000000008000838       0x84 ./Core/Src/ble.o
                0x0000000008000838                addCharacteristic
 .text.updateCharValue
                0x00000000080008bc       0xa8 ./Core/Src/ble.o
                0x00000000080008bc                updateCharValue
 .text.main     0x0000000008000964       0xa0 ./Core/Src/main.o
                0x0000000008000964                main
 .text.SystemClock_Config
                0x0000000008000a04       0x8c ./Core/Src/main.o
                0x0000000008000a04                SystemClock_Config
 .text.MX_SPI3_Init
                0x0000000008000a90       0x7c ./Core/Src/main.o
 .text.MX_GPIO_Init
                0x0000000008000b0c      0x130 ./Core/Src/main.o
 .text.Error_Handler
                0x0000000008000c3c        0xa ./Core/Src/main.o
                0x0000000008000c3c                Error_Handler
 *fill*         0x0000000008000c46        0x2 
 .text.HAL_MspInit
                0x0000000008000c48       0x48 ./Core/Src/stm32l4xx_hal_msp.o
                0x0000000008000c48                HAL_MspInit
 .text.HAL_SPI_MspInit
                0x0000000008000c90       0x88 ./Core/Src/stm32l4xx_hal_msp.o
                0x0000000008000c90                HAL_SPI_MspInit
 .text.NMI_Handler
                0x0000000008000d18        0x6 ./Core/Src/stm32l4xx_it.o
                0x0000000008000d18                NMI_Handler
 .text.HardFault_Handler
                0x0000000008000d1e        0x6 ./Core/Src/stm32l4xx_it.o
                0x0000000008000d1e                HardFault_Handler
 .text.MemManage_Handler
                0x0000000008000d24        0x6 ./Core/Src/stm32l4xx_it.o
                0x0000000008000d24                MemManage_Handler
 .text.BusFault_Handler
                0x0000000008000d2a        0x6 ./Core/Src/stm32l4xx_it.o
                0x0000000008000d2a                BusFault_Handler
 .text.UsageFault_Handler
                0x0000000008000d30        0x6 ./Core/Src/stm32l4xx_it.o
                0x0000000008000d30                UsageFault_Handler
 .text.SVC_Handler
                0x0000000008000d36        0xe ./Core/Src/stm32l4xx_it.o
                0x0000000008000d36                SVC_Handler
 .text.DebugMon_Handler
                0x0000000008000d44        0xe ./Core/Src/stm32l4xx_it.o
                0x0000000008000d44                DebugMon_Handler
 .text.PendSV_Handler
                0x0000000008000d52        0xe ./Core/Src/stm32l4xx_it.o
                0x0000000008000d52                PendSV_Handler
 .text.SysTick_Handler
                0x0000000008000d60        0xc ./Core/Src/stm32l4xx_it.o
                0x0000000008000d60                SysTick_Handler
 .text.EXTI9_5_IRQHandler
                0x0000000008000d6c       0x18 ./Core/Src/stm32l4xx_it.o
                0x0000000008000d6c                EXTI9_5_IRQHandler
 .text._sbrk    0x0000000008000d84       0x58 ./Core/Src/syscalls.o
                0x0000000008000d84                _sbrk
 .text.SystemInit
                0x0000000008000ddc       0x6c ./Core/Src/system_stm32l4xx.o
                0x0000000008000ddc                SystemInit
 .text.Reset_Handler
                0x0000000008000e48       0x50 ./Core/Startup/startup_stm32l475vgtx.o
                0x0000000008000e48                Reset_Handler
 .text.Default_Handler
                0x0000000008000e98        0x2 ./Core/Startup/startup_stm32l475vgtx.o
                0x0000000008000e98                TIM1_BRK_TIM15_IRQHandler
                0x0000000008000e98                EXTI2_IRQHandler
                0x0000000008000e98                TIM8_TRG_COM_IRQHandler
                0x0000000008000e98                TIM8_CC_IRQHandler
                0x0000000008000e98                TIM1_CC_IRQHandler
                0x0000000008000e98                TSC_IRQHandler
                0x0000000008000e98                TAMP_STAMP_IRQHandler
                0x0000000008000e98                EXTI3_IRQHandler
                0x0000000008000e98                LPTIM2_IRQHandler
                0x0000000008000e98                DFSDM1_FLT1_IRQHandler
                0x0000000008000e98                I2C3_ER_IRQHandler
                0x0000000008000e98                DFSDM1_FLT2_IRQHandler
                0x0000000008000e98                EXTI0_IRQHandler
                0x0000000008000e98                I2C2_EV_IRQHandler
                0x0000000008000e98                CAN1_RX0_IRQHandler
                0x0000000008000e98                FPU_IRQHandler
                0x0000000008000e98                TIM1_UP_TIM16_IRQHandler
                0x0000000008000e98                ADC1_2_IRQHandler
                0x0000000008000e98                SPI1_IRQHandler
                0x0000000008000e98                TIM6_DAC_IRQHandler
                0x0000000008000e98                TIM8_UP_IRQHandler
                0x0000000008000e98                DMA2_Channel2_IRQHandler
                0x0000000008000e98                DMA1_Channel4_IRQHandler
                0x0000000008000e98                SAI2_IRQHandler
                0x0000000008000e98                DFSDM1_FLT3_IRQHandler
                0x0000000008000e98                USART3_IRQHandler
                0x0000000008000e98                DMA1_Channel7_IRQHandler
                0x0000000008000e98                CAN1_RX1_IRQHandler
                0x0000000008000e98                UART5_IRQHandler
                0x0000000008000e98                ADC3_IRQHandler
                0x0000000008000e98                TIM4_IRQHandler
                0x0000000008000e98                DMA2_Channel1_IRQHandler
                0x0000000008000e98                QUADSPI_IRQHandler
                0x0000000008000e98                I2C1_EV_IRQHandler
                0x0000000008000e98                DMA1_Channel6_IRQHandler
                0x0000000008000e98                UART4_IRQHandler
                0x0000000008000e98                DMA2_Channel4_IRQHandler
                0x0000000008000e98                TIM3_IRQHandler
                0x0000000008000e98                RCC_IRQHandler
                0x0000000008000e98                DMA1_Channel1_IRQHandler
                0x0000000008000e98                Default_Handler
                0x0000000008000e98                DMA2_Channel7_IRQHandler
                0x0000000008000e98                EXTI15_10_IRQHandler
                0x0000000008000e98                TIM7_IRQHandler
                0x0000000008000e98                SDMMC1_IRQHandler
                0x0000000008000e98                TIM5_IRQHandler
                0x0000000008000e98                I2C3_EV_IRQHandler
                0x0000000008000e98                RTC_WKUP_IRQHandler
                0x0000000008000e98                PVD_PVM_IRQHandler
                0x0000000008000e98                SPI2_IRQHandler
                0x0000000008000e98                CAN1_TX_IRQHandler
                0x0000000008000e98                DMA2_Channel5_IRQHandler
                0x0000000008000e98                DMA1_Channel5_IRQHandler
                0x0000000008000e98                EXTI4_IRQHandler
                0x0000000008000e98                RNG_IRQHandler
                0x0000000008000e98                TIM1_TRG_COM_TIM17_IRQHandler
                0x0000000008000e98                DMA1_Channel3_IRQHandler
                0x0000000008000e98                COMP_IRQHandler
                0x0000000008000e98                WWDG_IRQHandler
                0x0000000008000e98                LPUART1_IRQHandler
                0x0000000008000e98                DMA2_Channel6_IRQHandler
                0x0000000008000e98                TIM2_IRQHandler
                0x0000000008000e98                EXTI1_IRQHandler
                0x0000000008000e98                USART2_IRQHandler
                0x0000000008000e98                DFSDM1_FLT0_IRQHandler
                0x0000000008000e98                I2C2_ER_IRQHandler
                0x0000000008000e98                DMA1_Channel2_IRQHandler
                0x0000000008000e98                TIM8_BRK_IRQHandler
                0x0000000008000e98                CAN1_SCE_IRQHandler
                0x0000000008000e98                FLASH_IRQHandler
                0x0000000008000e98                USART1_IRQHandler
                0x0000000008000e98                OTG_FS_IRQHandler
                0x0000000008000e98                SPI3_IRQHandler
                0x0000000008000e98                I2C1_ER_IRQHandler
                0x0000000008000e98                FMC_IRQHandler
                0x0000000008000e98                SWPMI1_IRQHandler
                0x0000000008000e98                LPTIM1_IRQHandler
                0x0000000008000e98                SAI1_IRQHandler
                0x0000000008000e98                DMA2_Channel3_IRQHandler
                0x0000000008000e98                RTC_Alarm_IRQHandler
 .text.HAL_Init
                0x0000000008000e9a       0x30 ./Drivers/STM32L4xx_HAL_Driver/Src/stm32l4xx_hal.o
                0x0000000008000e9a                HAL_Init
 *fill*         0x0000000008000eca        0x2 
 .text.HAL_InitTick
                0x0000000008000ecc       0x78 ./Drivers/STM32L4xx_HAL_Driver/Src/stm32l4xx_hal.o
                0x0000000008000ecc                HAL_InitTick
 .text.HAL_IncTick
                0x0000000008000f44       0x28 ./Drivers/STM32L4xx_HAL_Driver/Src/stm32l4xx_hal.o
                0x0000000008000f44                HAL_IncTick
 .text.HAL_GetTick
                0x0000000008000f6c       0x18 ./Drivers/STM32L4xx_HAL_Driver/Src/stm32l4xx_hal.o
                0x0000000008000f6c                HAL_GetTick
 .text.HAL_Delay
                0x0000000008000f84       0x48 ./Drivers/STM32L4xx_HAL_Driver/Src/stm32l4xx_hal.o
                0x0000000008000f84                HAL_Delay
 .text.__NVIC_SetPriorityGrouping
                0x0000000008000fcc       0x48 ./Drivers/STM32L4xx_HAL_Driver/Src/stm32l4xx_hal_cortex.o
 .text.__NVIC_GetPriorityGrouping
                0x0000000008001014       0x1c ./Drivers/STM32L4xx_HAL_Driver/Src/stm32l4xx_hal_cortex.o
 .text.__NVIC_EnableIRQ
                0x0000000008001030       0x3c ./Drivers/STM32L4xx_HAL_Driver/Src/stm32l4xx_hal_cortex.o
 .text.__NVIC_SetPriority
                0x000000000800106c       0x54 ./Drivers/STM32L4xx_HAL_Driver/Src/stm32l4xx_hal_cortex.o
 .text.NVIC_EncodePriority
                0x00000000080010c0       0x66 ./Drivers/STM32L4xx_HAL_Driver/Src/stm32l4xx_hal_cortex.o
 *fill*         0x0000000008001126        0x2 
 .text.SysTick_Config
                0x0000000008001128       0x44 ./Drivers/STM32L4xx_HAL_Driver/Src/stm32l4xx_hal_cortex.o
 .text.HAL_NVIC_SetPriorityGrouping
                0x000000000800116c       0x16 ./Drivers/STM32L4xx_HAL_Driver/Src/stm32l4xx_hal_cortex.o
                0x000000000800116c                HAL_NVIC_SetPriorityGrouping
 .text.HAL_NVIC_SetPriority
                0x0000000008001182       0x38 ./Drivers/STM32L4xx_HAL_Driver/Src/stm32l4xx_hal_cortex.o
                0x0000000008001182                HAL_NVIC_SetPriority
 .text.HAL_NVIC_EnableIRQ
                0x00000000080011ba       0x1c ./Drivers/STM32L4xx_HAL_Driver/Src/stm32l4xx_hal_cortex.o
                0x00000000080011ba                HAL_NVIC_EnableIRQ
 .text.HAL_SYSTICK_Config
                0x00000000080011d6       0x18 ./Drivers/STM32L4xx_HAL_Driver/Src/stm32l4xx_hal_cortex.o
                0x00000000080011d6                HAL_SYSTICK_Config
 *fill*         0x00000000080011ee        0x2 
 .text.HAL_GPIO_Init
                0x00000000080011f0      0x354 ./Drivers/STM32L4xx_HAL_Driver/Src/stm32l4xx_hal_gpio.o
                0x00000000080011f0                HAL_GPIO_Init
 .text.HAL_GPIO_ReadPin
                0x0000000008001544       0x30 ./Drivers/STM32L4xx_HAL_Driver/Src/stm32l4xx_hal_gpio.o
                0x0000000008001544                HAL_GPIO_ReadPin
 .text.HAL_GPIO_WritePin
                0x0000000008001574       0x30 ./Drivers/STM32L4xx_HAL_Driver/Src/stm32l4xx_hal_gpio.o
                0x0000000008001574                HAL_GPIO_WritePin
 .text.HAL_GPIO_EXTI_IRQHandler
                0x00000000080015a4       0x30 ./Drivers/STM32L4xx_HAL_Driver/Src/stm32l4xx_hal_gpio.o
                0x00000000080015a4                HAL_GPIO_EXTI_IRQHandler
 .text.HAL_GPIO_EXTI_Callback
                0x00000000080015d4       0x16 ./Drivers/STM32L4xx_HAL_Driver/Src/stm32l4xx_hal_gpio.o
                0x00000000080015d4                HAL_GPIO_EXTI_Callback
 *fill*         0x00000000080015ea        0x2 
 .text.HAL_PWREx_GetVoltageRange
                0x00000000080015ec       0x1c ./Drivers/STM32L4xx_HAL_Driver/Src/stm32l4xx_hal_pwr_ex.o
                0x00000000080015ec                HAL_PWREx_GetVoltageRange
 .text.HAL_PWREx_ControlVoltageScaling
                0x0000000008001608       0xac ./Drivers/STM32L4xx_HAL_Driver/Src/stm32l4xx_hal_pwr_ex.o
                0x0000000008001608                HAL_PWREx_ControlVoltageScaling
 .text.HAL_RCC_OscConfig
                0x00000000080016b4      0x7b8 ./Drivers/STM32L4xx_HAL_Driver/Src/stm32l4xx_hal_rcc.o
                0x00000000080016b4                HAL_RCC_OscConfig
 .text.HAL_RCC_ClockConfig
                0x0000000008001e6c      0x200 ./Drivers/STM32L4xx_HAL_Driver/Src/stm32l4xx_hal_rcc.o
                0x0000000008001e6c                HAL_RCC_ClockConfig
 .text.HAL_RCC_GetSysClockFreq
                0x000000000800206c      0x118 ./Drivers/STM32L4xx_HAL_Driver/Src/stm32l4xx_hal_rcc.o
                0x000000000800206c                HAL_RCC_GetSysClockFreq
 .text.RCC_SetFlashLatencyFromMSIRange
                0x0000000008002184       0xc0 ./Drivers/STM32L4xx_HAL_Driver/Src/stm32l4xx_hal_rcc.o
 .text.HAL_SPI_Init
                0x0000000008002244      0x146 ./Drivers/STM32L4xx_HAL_Driver/Src/stm32l4xx_hal_spi.o
                0x0000000008002244                HAL_SPI_Init
 .text.HAL_SPI_Transmit
                0x000000000800238a      0x2ea ./Drivers/STM32L4xx_HAL_Driver/Src/stm32l4xx_hal_spi.o
                0x000000000800238a                HAL_SPI_Transmit
 .text.HAL_SPI_TransmitReceive
                0x0000000008002674      0x444 ./Drivers/STM32L4xx_HAL_Driver/Src/stm32l4xx_hal_spi.o
                0x0000000008002674                HAL_SPI_TransmitReceive
 .text.SPI_WaitFlagStateUntilTimeout
                0x0000000008002ab8      0x110 ./Drivers/STM32L4xx_HAL_Driver/Src/stm32l4xx_hal_spi.o
 .text.SPI_WaitFifoStateUntilTimeout
                0x0000000008002bc8      0x12c ./Drivers/STM32L4xx_HAL_Driver/Src/stm32l4xx_hal_spi.o
 .text.SPI_EndRxTxTransaction
                0x0000000008002cf4       0x8c ./Drivers/STM32L4xx_HAL_Driver/Src/stm32l4xx_hal_spi.o
 .text.malloc   0x0000000008002d80       0x10 /Applications/STM32CubeIDE.app/Contents/Eclipse/plugins/com.st.stm32cube.ide.mcu.externaltools.gnu-tools-for-stm32.11.3.rel1.macos64_1.1.1.202309131626/tools/bin/../lib/gcc/arm-none-eabi/11.3.1/../../../../arm-none-eabi/lib/thumb/v7e-m+fp/hard/libc_nano.a(libc_a-malloc.o)
                0x0000000008002d80                malloc
 .text.free     0x0000000008002d90       0x10 /Applications/STM32CubeIDE.app/Contents/Eclipse/plugins/com.st.stm32cube.ide.mcu.externaltools.gnu-tools-for-stm32.11.3.rel1.macos64_1.1.1.202309131626/tools/bin/../lib/gcc/arm-none-eabi/11.3.1/../../../../arm-none-eabi/lib/thumb/v7e-m+fp/hard/libc_nano.a(libc_a-malloc.o)
                0x0000000008002d90                free
 .text.sbrk_aligned
                0x0000000008002da0       0x40 /Applications/STM32CubeIDE.app/Contents/Eclipse/plugins/com.st.stm32cube.ide.mcu.externaltools.gnu-tools-for-stm32.11.3.rel1.macos64_1.1.1.202309131626/tools/bin/../lib/gcc/arm-none-eabi/11.3.1/../../../../arm-none-eabi/lib/thumb/v7e-m+fp/hard/libc_nano.a(libc_a-mallocr.o)
 .text._malloc_r
                0x0000000008002de0      0x100 /Applications/STM32CubeIDE.app/Contents/Eclipse/plugins/com.st.stm32cube.ide.mcu.externaltools.gnu-tools-for-stm32.11.3.rel1.macos64_1.1.1.202309131626/tools/bin/../lib/gcc/arm-none-eabi/11.3.1/../../../../arm-none-eabi/lib/thumb/v7e-m+fp/hard/libc_nano.a(libc_a-mallocr.o)
                0x0000000008002de0                _malloc_r
 .text.__malloc_lock
                0x0000000008002ee0        0xc /Applications/STM32CubeIDE.app/Contents/Eclipse/plugins/com.st.stm32cube.ide.mcu.externaltools.gnu-tools-for-stm32.11.3.rel1.macos64_1.1.1.202309131626/tools/bin/../lib/gcc/arm-none-eabi/11.3.1/../../../../arm-none-eabi/lib/thumb/v7e-m+fp/hard/libc_nano.a(libc_a-mlock.o)
                0x0000000008002ee0                __malloc_lock
 .text.__malloc_unlock
                0x0000000008002eec        0xc /Applications/STM32CubeIDE.app/Contents/Eclipse/plugins/com.st.stm32cube.ide.mcu.externaltools.gnu-tools-for-stm32.11.3.rel1.macos64_1.1.1.202309131626/tools/bin/../lib/gcc/arm-none-eabi/11.3.1/../../../../arm-none-eabi/lib/thumb/v7e-m+fp/hard/libc_nano.a(libc_a-mlock.o)
                0x0000000008002eec                __malloc_unlock
 .text.memset   0x0000000008002ef8       0x10 /Applications/STM32CubeIDE.app/Contents/Eclipse/plugins/com.st.stm32cube.ide.mcu.externaltools.gnu-tools-for-stm32.11.3.rel1.macos64_1.1.1.202309131626/tools/bin/../lib/gcc/arm-none-eabi/11.3.1/../../../../arm-none-eabi/lib/thumb/v7e-m+fp/hard/libc_nano.a(libc_a-memset.o)
                0x0000000008002ef8                memset
 .text._sbrk_r  0x0000000008002f08       0x20 /Applications/STM32CubeIDE.app/Contents/Eclipse/plugins/com.st.stm32cube.ide.mcu.externaltools.gnu-tools-for-stm32.11.3.rel1.macos64_1.1.1.202309131626/tools/bin/../lib/gcc/arm-none-eabi/11.3.1/../../../../arm-none-eabi/lib/thumb/v7e-m+fp/hard/libc_nano.a(libc_a-sbrkr.o)
                0x0000000008002f08                _sbrk_r
 .text.__errno  0x0000000008002f28        0xc /Applications/STM32CubeIDE.app/Contents/Eclipse/plugins/com.st.stm32cube.ide.mcu.externaltools.gnu-tools-for-stm32.11.3.rel1.macos64_1.1.1.202309131626/tools/bin/../lib/gcc/arm-none-eabi/11.3.1/../../../../arm-none-eabi/lib/thumb/v7e-m+fp/hard/libc_nano.a(libc_a-errno.o)
                0x0000000008002f28                __errno
 .text.__libc_init_array
                0x0000000008002f34       0x48 /Applications/STM32CubeIDE.app/Contents/Eclipse/plugins/com.st.stm32cube.ide.mcu.externaltools.gnu-tools-for-stm32.11.3.rel1.macos64_1.1.1.202309131626/tools/bin/../lib/gcc/arm-none-eabi/11.3.1/../../../../arm-none-eabi/lib/thumb/v7e-m+fp/hard/libc_nano.a(libc_a-init.o)
                0x0000000008002f34                __libc_init_array
 .text.__retarget_lock_acquire_recursive
                0x0000000008002f7c        0x2 /Applications/STM32CubeIDE.app/Contents/Eclipse/plugins/com.st.stm32cube.ide.mcu.externaltools.gnu-tools-for-stm32.11.3.rel1.macos64_1.1.1.202309131626/tools/bin/../lib/gcc/arm-none-eabi/11.3.1/../../../../arm-none-eabi/lib/thumb/v7e-m+fp/hard/libc_nano.a(libc_a-lock.o)
                0x0000000008002f7c                __retarget_lock_acquire_recursive
 .text.__retarget_lock_release_recursive
                0x0000000008002f7e        0x2 /Applications/STM32CubeIDE.app/Contents/Eclipse/plugins/com.st.stm32cube.ide.mcu.externaltools.gnu-tools-for-stm32.11.3.rel1.macos64_1.1.1.202309131626/tools/bin/../lib/gcc/arm-none-eabi/11.3.1/../../../../arm-none-eabi/lib/thumb/v7e-m+fp/hard/libc_nano.a(libc_a-lock.o)
                0x0000000008002f7e                __retarget_lock_release_recursive
 .text.memcpy   0x0000000008002f80       0x1c /Applications/STM32CubeIDE.app/Contents/Eclipse/plugins/com.st.stm32cube.ide.mcu.externaltools.gnu-tools-for-stm32.11.3.rel1.macos64_1.1.1.202309131626/tools/bin/../lib/gcc/arm-none-eabi/11.3.1/../../../../arm-none-eabi/lib/thumb/v7e-m+fp/hard/libc_nano.a(libc_a-memcpy-stub.o)
                0x0000000008002f80                memcpy
 .text._free_r  0x0000000008002f9c       0x98 /Applications/STM32CubeIDE.app/Contents/Eclipse/plugins/com.st.stm32cube.ide.mcu.externaltools.gnu-tools-for-stm32.11.3.rel1.macos64_1.1.1.202309131626/tools/bin/../lib/gcc/arm-none-eabi/11.3.1/../../../../arm-none-eabi/lib/thumb/v7e-m+fp/hard/libc_nano.a(libc_a-freer.o)
                0x0000000008002f9c                _free_r
 *(.glue_7)
 .glue_7        0x0000000008003034        0x0 linker stubs
 *(.glue_7t)
 .glue_7t       0x0000000008003034        0x0 linker stubs
 *(.eh_frame)
 .eh_frame      0x0000000008003034        0x0 /Applications/STM32CubeIDE.app/Contents/Eclipse/plugins/com.st.stm32cube.ide.mcu.externaltools.gnu-tools-for-stm32.11.3.rel1.macos64_1.1.1.202309131626/tools/bin/../lib/gcc/arm-none-eabi/11.3.1/thumb/v7e-m+fp/hard/crtbegin.o
 *(.init)
 .init          0x0000000008003034        0x4 /Applications/STM32CubeIDE.app/Contents/Eclipse/plugins/com.st.stm32cube.ide.mcu.externaltools.gnu-tools-for-stm32.11.3.rel1.macos64_1.1.1.202309131626/tools/bin/../lib/gcc/arm-none-eabi/11.3.1/thumb/v7e-m+fp/hard/crti.o
                0x0000000008003034                _init
 .init          0x0000000008003038        0x8 /Applications/STM32CubeIDE.app/Contents/Eclipse/plugins/com.st.stm32cube.ide.mcu.externaltools.gnu-tools-for-stm32.11.3.rel1.macos64_1.1.1.202309131626/tools/bin/../lib/gcc/arm-none-eabi/11.3.1/thumb/v7e-m+fp/hard/crtn.o
 *(.fini)
 .fini          0x0000000008003040        0x4 /Applications/STM32CubeIDE.app/Contents/Eclipse/plugins/com.st.stm32cube.ide.mcu.externaltools.gnu-tools-for-stm32.11.3.rel1.macos64_1.1.1.202309131626/tools/bin/../lib/gcc/arm-none-eabi/11.3.1/thumb/v7e-m+fp/hard/crti.o
                0x0000000008003040                _fini
 .fini          0x0000000008003044        0x8 /Applications/STM32CubeIDE.app/Contents/Eclipse/plugins/com.st.stm32cube.ide.mcu.externaltools.gnu-tools-for-stm32.11.3.rel1.macos64_1.1.1.202309131626/tools/bin/../lib/gcc/arm-none-eabi/11.3.1/thumb/v7e-m+fp/hard/crtn.o
                0x000000000800304c                . = ALIGN (0x4)
                0x000000000800304c                _etext = .

.vfp11_veneer   0x000000000800304c        0x0
 .vfp11_veneer  0x000000000800304c        0x0 linker stubs

.v4_bx          0x000000000800304c        0x0
 .v4_bx         0x000000000800304c        0x0 linker stubs

.iplt           0x000000000800304c        0x0
 .iplt          0x000000000800304c        0x0 /Applications/STM32CubeIDE.app/Contents/Eclipse/plugins/com.st.stm32cube.ide.mcu.externaltools.gnu-tools-for-stm32.11.3.rel1.macos64_1.1.1.202309131626/tools/bin/../lib/gcc/arm-none-eabi/11.3.1/thumb/v7e-m+fp/hard/crtbegin.o

.rodata         0x000000000800304c       0x64
                0x000000000800304c                . = ALIGN (0x4)
 *(.rodata)
 .rodata        0x000000000800304c        0xd ./Core/Src/ble.o
 *fill*         0x0000000008003059        0x3 
 .rodata        0x000000000800305c       0x13 ./Core/Src/main.o
 *(.rodata*)
 *fill*         0x000000000800306f        0x1 
 .rodata.AHBPrescTable
                0x0000000008003070       0x10 ./Core/Src/system_stm32l4xx.o
                0x0000000008003070                AHBPrescTable
 .rodata.MSIRangeTable
                0x0000000008003080       0x30 ./Core/Src/system_stm32l4xx.o
                0x0000000008003080                MSIRangeTable
                0x00000000080030b0                . = ALIGN (0x4)

.rel.dyn        0x00000000080030b0        0x0
 .rel.iplt      0x00000000080030b0        0x0 /Applications/STM32CubeIDE.app/Contents/Eclipse/plugins/com.st.stm32cube.ide.mcu.externaltools.gnu-tools-for-stm32.11.3.rel1.macos64_1.1.1.202309131626/tools/bin/../lib/gcc/arm-none-eabi/11.3.1/thumb/v7e-m+fp/hard/crtbegin.o

.ARM.extab      0x00000000080030b0        0x0
                0x00000000080030b0                . = ALIGN (0x4)
 *(.ARM.extab* .gnu.linkonce.armextab.*)
                0x00000000080030b0                . = ALIGN (0x4)

.ARM            0x00000000080030b0        0x0
                0x00000000080030b0                . = ALIGN (0x4)
                0x00000000080030b0                __exidx_start = .
 *(.ARM.exidx*)
                0x00000000080030b0                __exidx_end = .
                0x00000000080030b0                . = ALIGN (0x4)

.preinit_array  0x00000000080030b0        0x0
                0x00000000080030b0                . = ALIGN (0x4)
                0x00000000080030b0                PROVIDE (__preinit_array_start = .)
 *(.preinit_array*)
                0x00000000080030b0                PROVIDE (__preinit_array_end = .)
                0x00000000080030b0                . = ALIGN (0x4)

.init_array     0x00000000080030b0        0x4
                0x00000000080030b0                . = ALIGN (0x4)
                0x00000000080030b0                PROVIDE (__init_array_start = .)
 *(SORT_BY_NAME(.init_array.*))
 *(.init_array*)
 .init_array    0x00000000080030b0        0x4 /Applications/STM32CubeIDE.app/Contents/Eclipse/plugins/com.st.stm32cube.ide.mcu.externaltools.gnu-tools-for-stm32.11.3.rel1.macos64_1.1.1.202309131626/tools/bin/../lib/gcc/arm-none-eabi/11.3.1/thumb/v7e-m+fp/hard/crtbegin.o
                0x00000000080030b4                PROVIDE (__init_array_end = .)
                0x00000000080030b4                . = ALIGN (0x4)

.fini_array     0x00000000080030b4        0x4
                0x00000000080030b4                . = ALIGN (0x4)
                [!provide]                        PROVIDE (__fini_array_start = .)
 *(SORT_BY_NAME(.fini_array.*))
 *(.fini_array*)
 .fini_array    0x00000000080030b4        0x4 /Applications/STM32CubeIDE.app/Contents/Eclipse/plugins/com.st.stm32cube.ide.mcu.externaltools.gnu-tools-for-stm32.11.3.rel1.macos64_1.1.1.202309131626/tools/bin/../lib/gcc/arm-none-eabi/11.3.1/thumb/v7e-m+fp/hard/crtbegin.o
                [!provide]                        PROVIDE (__fini_array_end = .)
                0x00000000080030b8                . = ALIGN (0x4)
                0x00000000080030b8                _sidata = LOADADDR (.data)

.data           0x0000000020000000      0x180 load address 0x00000000080030b8
                0x0000000020000000                . = ALIGN (0x4)
                0x0000000020000000                _sdata = .
 *(.data)
 *(.data*)
 .data.EVENT_STATUP_DATA
                0x0000000020000000        0x6 ./Core/Src/ble.o
                0x0000000020000000                EVENT_STATUP_DATA
 *fill*         0x0000000020000006        0x2 
 .data.ACI_GATT_INIT
                0x0000000020000008        0x4 ./Core/Src/ble.o
                0x0000000020000008                ACI_GATT_INIT
 .data.ACI_GATT_INIT_COMPLETE
                0x000000002000000c        0x7 ./Core/Src/ble.o
                0x000000002000000c                ACI_GATT_INIT_COMPLETE
 *fill*         0x0000000020000013        0x1 
 .data.ACI_GAP_INIT
                0x0000000020000014        0x7 ./Core/Src/ble.o
                0x0000000020000014                ACI_GAP_INIT
 *fill*         0x000000002000001b        0x1 
 .data.ACI_GAP_INIT_COMPLETE
                0x000000002000001c        0x7 ./Core/Src/ble.o
                0x000000002000001c                ACI_GAP_INIT_COMPLETE
 *fill*         0x0000000020000023        0x1 
 .data.ACI_GAP_SET_AUTH
                0x0000000020000024       0x10 ./Core/Src/ble.o
                0x0000000020000024                ACI_GAP_SET_AUTH
 .data.ACI_GAP_SET_AUTH_RESP
                0x0000000020000034        0x7 ./Core/Src/ble.o
                0x0000000020000034                ACI_GAP_SET_AUTH_RESP
 *fill*         0x000000002000003b        0x1 
 .data.ACI_HAL_SET_TX_POWER_LEVEL
                0x000000002000003c        0x6 ./Core/Src/ble.o
                0x000000002000003c                ACI_HAL_SET_TX_POWER_LEVEL
 *fill*         0x0000000020000042        0x2 
 .data.ACI_HAL_SET_TX_POWER_LEVEL_COMPLETE
                0x0000000020000044        0x7 ./Core/Src/ble.o
                0x0000000020000044                ACI_HAL_SET_TX_POWER_LEVEL_COMPLETE
 *fill*         0x000000002000004b        0x1 
 .data.HCI_LE_SET_SCAN_RESPONSE_DATA
                0x000000002000004c       0x24 ./Core/Src/ble.o
                0x000000002000004c                HCI_LE_SET_SCAN_RESPONSE_DATA
 .data.HCI_LE_SET_SCAN_RESPONSE_DATA_COMPLETE
                0x0000000020000070        0x7 ./Core/Src/ble.o
                0x0000000020000070                HCI_LE_SET_SCAN_RESPONSE_DATA_COMPLETE
 *fill*         0x0000000020000077        0x1 
 .data.ACI_GAP_SET_DISCOVERABLE
                0x0000000020000078        0xd ./Core/Src/ble.o
                0x0000000020000078                ACI_GAP_SET_DISCOVERABLE
 *fill*         0x0000000020000085        0x3 
 .data.ACI_GAP_SET_DISCOVERABLE_COMPLETE
                0x0000000020000088        0x7 ./Core/Src/ble.o
                0x0000000020000088                ACI_GAP_SET_DISCOVERABLE_COMPLETE
 *fill*         0x000000002000008f        0x1 
 .data.ADD_PRIMARY_SERVICE
                0x0000000020000090       0x17 ./Core/Src/ble.o
                0x0000000020000090                ADD_PRIMARY_SERVICE
 *fill*         0x00000000200000a7        0x1 
 .data.ADD_PRIMARY_SERVICE_COMPLETE
                0x00000000200000a8        0x7 ./Core/Src/ble.o
                0x00000000200000a8                ADD_PRIMARY_SERVICE_COMPLETE
 *fill*         0x00000000200000af        0x1 
 .data.ADD_CUSTOM_CHAR
                0x00000000200000b0       0x1e ./Core/Src/ble.o
                0x00000000200000b0                ADD_CUSTOM_CHAR
 *fill*         0x00000000200000ce        0x2 
 .data.ADD_CUSTOM_CHAR_COMPLETE
                0x00000000200000d0        0x7 ./Core/Src/ble.o
                0x00000000200000d0                ADD_CUSTOM_CHAR_COMPLETE
 *fill*         0x00000000200000d7        0x1 
 .data.UPDATE_CHAR
                0x00000000200000d8        0xf ./Core/Src/ble.o
                0x00000000200000d8                UPDATE_CHAR
 *fill*         0x00000000200000e7        0x1 
 .data.EVENT_DISCONNECTED
                0x00000000200000e8        0x4 ./Core/Src/ble.o
                0x00000000200000e8                EVENT_DISCONNECTED
 .data.deviceName
                0x00000000200000ec        0x7 ./Core/Src/ble.o
                0x00000000200000ec                deviceName
 *fill*         0x00000000200000f3        0x1 
 .data.UUID_NORDIC_UART_SERVICE
                0x00000000200000f4       0x10 ./Core/Src/ble.o
                0x00000000200000f4                UUID_NORDIC_UART_SERVICE
 .data.UUID_CHAR_WRITE
                0x0000000020000104       0x10 ./Core/Src/ble.o
                0x0000000020000104                UUID_CHAR_WRITE
 .data.UUID_CHAR_READ
                0x0000000020000114       0x10 ./Core/Src/ble.o
                0x0000000020000114                UUID_CHAR_READ
 .data.SystemCoreClock
                0x0000000020000124        0x4 ./Core/Src/system_stm32l4xx.o
                0x0000000020000124                SystemCoreClock
 .data.uwTickPrio
                0x0000000020000128        0x4 ./Drivers/STM32L4xx_HAL_Driver/Src/stm32l4xx_hal.o
                0x0000000020000128                uwTickPrio
 .data.uwTickFreq
                0x000000002000012c        0x1 ./Drivers/STM32L4xx_HAL_Driver/Src/stm32l4xx_hal.o
                0x000000002000012c                uwTickFreq
 *fill*         0x000000002000012d        0x3 
 .data._impure_data
                0x0000000020000130       0x4c /Applications/STM32CubeIDE.app/Contents/Eclipse/plugins/com.st.stm32cube.ide.mcu.externaltools.gnu-tools-for-stm32.11.3.rel1.macos64_1.1.1.202309131626/tools/bin/../lib/gcc/arm-none-eabi/11.3.1/../../../../arm-none-eabi/lib/thumb/v7e-m+fp/hard/libc_nano.a(libc_a-impure.o)
                0x0000000020000130                _impure_data
 .data._impure_ptr
                0x000000002000017c        0x4 /Applications/STM32CubeIDE.app/Contents/Eclipse/plugins/com.st.stm32cube.ide.mcu.externaltools.gnu-tools-for-stm32.11.3.rel1.macos64_1.1.1.202309131626/tools/bin/../lib/gcc/arm-none-eabi/11.3.1/../../../../arm-none-eabi/lib/thumb/v7e-m+fp/hard/libc_nano.a(libc_a-impure.o)
                0x000000002000017c                _impure_ptr
 *(.RamFunc)
 *(.RamFunc*)
                0x0000000020000180                . = ALIGN (0x4)
                0x0000000020000180                _edata = .

.igot.plt       0x0000000020000180        0x0 load address 0x0000000008003238
 .igot.plt      0x0000000020000180        0x0 /Applications/STM32CubeIDE.app/Contents/Eclipse/plugins/com.st.stm32cube.ide.mcu.externaltools.gnu-tools-for-stm32.11.3.rel1.macos64_1.1.1.202309131626/tools/bin/../lib/gcc/arm-none-eabi/11.3.1/thumb/v7e-m+fp/hard/crtbegin.o
                0x0000000020000180                . = ALIGN (0x4)

.bss            0x0000000020000180      0x2f0 load address 0x0000000008003238
                0x0000000020000180                _sbss = .
                0x0000000020000180                __bss_start__ = _sbss
 *(.bss)
 .bss           0x0000000020000180       0x1c /Applications/STM32CubeIDE.app/Contents/Eclipse/plugins/com.st.stm32cube.ide.mcu.externaltools.gnu-tools-for-stm32.11.3.rel1.macos64_1.1.1.202309131626/tools/bin/../lib/gcc/arm-none-eabi/11.3.1/thumb/v7e-m+fp/hard/crtbegin.o
 *(.bss*)
 .bss.GAP_SERVICE_HANDLE
                0x000000002000019c        0x2 ./Core/Src/ble.o
                0x000000002000019c                GAP_SERVICE_HANDLE
 *fill*         0x000000002000019e        0x2 
 .bss.GAP_CHAR_NAME_HANDLE
                0x00000000200001a0        0x2 ./Core/Src/ble.o
                0x00000000200001a0                GAP_CHAR_NAME_HANDLE
 *fill*         0x00000000200001a2        0x2 
 .bss.GAP_CHAR_APP_HANDLE
                0x00000000200001a4        0x2 ./Core/Src/ble.o
                0x00000000200001a4                GAP_CHAR_APP_HANDLE
 *fill*         0x00000000200001a6        0x2 
 .bss.buffer    0x00000000200001a8       0xff ./Core/Src/ble.o
                0x00000000200001a8                buffer
 *fill*         0x00000000200002a7        0x1 
 .bss.NORDIC_UART_SERVICE_HANDLE
                0x00000000200002a8        0x2 ./Core/Src/ble.o
                0x00000000200002a8                NORDIC_UART_SERVICE_HANDLE
 *fill*         0x00000000200002aa        0x2 
 .bss.WRITE_CHAR_HANDLE
                0x00000000200002ac        0x2 ./Core/Src/ble.o
                0x00000000200002ac                WRITE_CHAR_HANDLE
 *fill*         0x00000000200002ae        0x2 
 .bss.READ_CHAR_HANDLE
                0x00000000200002b0        0x2 ./Core/Src/ble.o
                0x00000000200002b0                READ_CHAR_HANDLE
 .bss.stackInitCompleteFlag
                0x00000000200002b2        0x2 ./Core/Src/ble.o
                0x00000000200002b2                stackInitCompleteFlag
 .bss.rxEvent   0x00000000200002b4        0x4 ./Core/Src/ble.o
                0x00000000200002b4                rxEvent
 .bss.dataAvailable
                0x00000000200002b8        0x4 ./Core/Src/main.o
                0x00000000200002b8                dataAvailable
 .bss.hspi3     0x00000000200002bc       0x64 ./Core/Src/main.o
                0x00000000200002bc                hspi3
 .bss.heap_end.0
                0x0000000020000320        0x4 ./Core/Src/syscalls.o
 .bss.uwTick    0x0000000020000324        0x4 ./Drivers/STM32L4xx_HAL_Driver/Src/stm32l4xx_hal.o
                0x0000000020000324                uwTick
 .bss.__malloc_free_list
                0x0000000020000328        0x4 /Applications/STM32CubeIDE.app/Contents/Eclipse/plugins/com.st.stm32cube.ide.mcu.externaltools.gnu-tools-for-stm32.11.3.rel1.macos64_1.1.1.202309131626/tools/bin/../lib/gcc/arm-none-eabi/11.3.1/../../../../arm-none-eabi/lib/thumb/v7e-m+fp/hard/libc_nano.a(libc_a-mallocr.o)
                0x0000000020000328                __malloc_free_list
 .bss.__malloc_sbrk_start
                0x000000002000032c        0x4 /Applications/STM32CubeIDE.app/Contents/Eclipse/plugins/com.st.stm32cube.ide.mcu.externaltools.gnu-tools-for-stm32.11.3.rel1.macos64_1.1.1.202309131626/tools/bin/../lib/gcc/arm-none-eabi/11.3.1/../../../../arm-none-eabi/lib/thumb/v7e-m+fp/hard/libc_nano.a(libc_a-mallocr.o)
                0x000000002000032c                __malloc_sbrk_start
 .bss.__sf      0x0000000020000330      0x138 /Applications/STM32CubeIDE.app/Contents/Eclipse/plugins/com.st.stm32cube.ide.mcu.externaltools.gnu-tools-for-stm32.11.3.rel1.macos64_1.1.1.202309131626/tools/bin/../lib/gcc/arm-none-eabi/11.3.1/../../../../arm-none-eabi/lib/thumb/v7e-m+fp/hard/libc_nano.a(libc_a-findfp.o)
                0x0000000020000330                __sf
 .bss.__lock___malloc_recursive_mutex
                0x0000000020000468        0x1 /Applications/STM32CubeIDE.app/Contents/Eclipse/plugins/com.st.stm32cube.ide.mcu.externaltools.gnu-tools-for-stm32.11.3.rel1.macos64_1.1.1.202309131626/tools/bin/../lib/gcc/arm-none-eabi/11.3.1/../../../../arm-none-eabi/lib/thumb/v7e-m+fp/hard/libc_nano.a(libc_a-lock.o)
                0x0000000020000468                __lock___malloc_recursive_mutex
 *fill*         0x0000000020000469        0x3 
 .bss.errno     0x000000002000046c        0x4 /Applications/STM32CubeIDE.app/Contents/Eclipse/plugins/com.st.stm32cube.ide.mcu.externaltools.gnu-tools-for-stm32.11.3.rel1.macos64_1.1.1.202309131626/tools/bin/../lib/gcc/arm-none-eabi/11.3.1/../../../../arm-none-eabi/lib/thumb/v7e-m+fp/hard/libc_nano.a(libc_a-reent.o)
                0x000000002000046c                errno
 *(COMMON)
                0x0000000020000470                . = ALIGN (0x4)
                0x0000000020000470                _ebss = .
                0x0000000020000470                __bss_end__ = _ebss

._user_heap_stack
                0x0000000020000470      0x600 load address 0x0000000008003238
                0x0000000020000470                . = ALIGN (0x8)
                0x0000000020000470                PROVIDE (end = .)
                [!provide]                        PROVIDE (_end = .)
                0x0000000020000670                . = (. + _Min_Heap_Size)
 *fill*         0x0000000020000470      0x200 
                0x0000000020000a70                . = (. + _Min_Stack_Size)
 *fill*         0x0000000020000670      0x400 
                0x0000000020000a70                . = ALIGN (0x8)

/DISCARD/
 libc.a(*)
 libm.a(*)
 libgcc.a(*)

.ARM.attributes
                0x0000000000000000       0x30
 *(.ARM.attributes)
 .ARM.attributes
                0x0000000000000000       0x1e /Applications/STM32CubeIDE.app/Contents/Eclipse/plugins/com.st.stm32cube.ide.mcu.externaltools.gnu-tools-for-stm32.11.3.rel1.macos64_1.1.1.202309131626/tools/bin/../lib/gcc/arm-none-eabi/11.3.1/thumb/v7e-m+fp/hard/crti.o
 .ARM.attributes
                0x000000000000001e       0x34 /Applications/STM32CubeIDE.app/Contents/Eclipse/plugins/com.st.stm32cube.ide.mcu.externaltools.gnu-tools-for-stm32.11.3.rel1.macos64_1.1.1.202309131626/tools/bin/../lib/gcc/arm-none-eabi/11.3.1/thumb/v7e-m+fp/hard/crtbegin.o
 .ARM.attributes
                0x0000000000000052       0x34 ./Core/Src/ble.o
 .ARM.attributes
                0x0000000000000086       0x34 ./Core/Src/main.o
 .ARM.attributes
                0x00000000000000ba       0x34 ./Core/Src/stm32l4xx_hal_msp.o
 .ARM.attributes
                0x00000000000000ee       0x34 ./Core/Src/stm32l4xx_it.o
 .ARM.attributes
                0x0000000000000122       0x34 ./Core/Src/syscalls.o
 .ARM.attributes
                0x0000000000000156       0x34 ./Core/Src/system_stm32l4xx.o
 .ARM.attributes
                0x000000000000018a       0x21 ./Core/Startup/startup_stm32l475vgtx.o
 .ARM.attributes
                0x00000000000001ab       0x34 ./Drivers/STM32L4xx_HAL_Driver/Src/stm32l4xx_hal.o
 .ARM.attributes
                0x00000000000001df       0x34 ./Drivers/STM32L4xx_HAL_Driver/Src/stm32l4xx_hal_cortex.o
 .ARM.attributes
                0x0000000000000213       0x34 ./Drivers/STM32L4xx_HAL_Driver/Src/stm32l4xx_hal_gpio.o
 .ARM.attributes
                0x0000000000000247       0x34 ./Drivers/STM32L4xx_HAL_Driver/Src/stm32l4xx_hal_pwr_ex.o
 .ARM.attributes
                0x000000000000027b       0x34 ./Drivers/STM32L4xx_HAL_Driver/Src/stm32l4xx_hal_rcc.o
 .ARM.attributes
                0x00000000000002af       0x34 ./Drivers/STM32L4xx_HAL_Driver/Src/stm32l4xx_hal_spi.o
 .ARM.attributes
                0x00000000000002e3       0x34 /Applications/STM32CubeIDE.app/Contents/Eclipse/plugins/com.st.stm32cube.ide.mcu.externaltools.gnu-tools-for-stm32.11.3.rel1.macos64_1.1.1.202309131626/tools/bin/../lib/gcc/arm-none-eabi/11.3.1/../../../../arm-none-eabi/lib/thumb/v7e-m+fp/hard/libc_nano.a(libc_a-malloc.o)
 .ARM.attributes
                0x0000000000000317       0x34 /Applications/STM32CubeIDE.app/Contents/Eclipse/plugins/com.st.stm32cube.ide.mcu.externaltools.gnu-tools-for-stm32.11.3.rel1.macos64_1.1.1.202309131626/tools/bin/../lib/gcc/arm-none-eabi/11.3.1/../../../../arm-none-eabi/lib/thumb/v7e-m+fp/hard/libc_nano.a(libc_a-mallocr.o)
 .ARM.attributes
                0x000000000000034b       0x34 /Applications/STM32CubeIDE.app/Contents/Eclipse/plugins/com.st.stm32cube.ide.mcu.externaltools.gnu-tools-for-stm32.11.3.rel1.macos64_1.1.1.202309131626/tools/bin/../lib/gcc/arm-none-eabi/11.3.1/../../../../arm-none-eabi/lib/thumb/v7e-m+fp/hard/libc_nano.a(libc_a-mlock.o)
 .ARM.attributes
                0x000000000000037f       0x34 /Applications/STM32CubeIDE.app/Contents/Eclipse/plugins/com.st.stm32cube.ide.mcu.externaltools.gnu-tools-for-stm32.11.3.rel1.macos64_1.1.1.202309131626/tools/bin/../lib/gcc/arm-none-eabi/11.3.1/../../../../arm-none-eabi/lib/thumb/v7e-m+fp/hard/libc_nano.a(libc_a-findfp.o)
 .ARM.attributes
                0x00000000000003b3       0x34 /Applications/STM32CubeIDE.app/Contents/Eclipse/plugins/com.st.stm32cube.ide.mcu.externaltools.gnu-tools-for-stm32.11.3.rel1.macos64_1.1.1.202309131626/tools/bin/../lib/gcc/arm-none-eabi/11.3.1/../../../../arm-none-eabi/lib/thumb/v7e-m+fp/hard/libc_nano.a(libc_a-memset.o)
 .ARM.attributes
                0x00000000000003e7       0x34 /Applications/STM32CubeIDE.app/Contents/Eclipse/plugins/com.st.stm32cube.ide.mcu.externaltools.gnu-tools-for-stm32.11.3.rel1.macos64_1.1.1.202309131626/tools/bin/../lib/gcc/arm-none-eabi/11.3.1/../../../../arm-none-eabi/lib/thumb/v7e-m+fp/hard/libc_nano.a(libc_a-impure.o)
 .ARM.attributes
                0x000000000000041b       0x34 /Applications/STM32CubeIDE.app/Contents/Eclipse/plugins/com.st.stm32cube.ide.mcu.externaltools.gnu-tools-for-stm32.11.3.rel1.macos64_1.1.1.202309131626/tools/bin/../lib/gcc/arm-none-eabi/11.3.1/../../../../arm-none-eabi/lib/thumb/v7e-m+fp/hard/libc_nano.a(libc_a-sbrkr.o)
 .ARM.attributes
                0x000000000000044f       0x34 /Applications/STM32CubeIDE.app/Contents/Eclipse/plugins/com.st.stm32cube.ide.mcu.externaltools.gnu-tools-for-stm32.11.3.rel1.macos64_1.1.1.202309131626/tools/bin/../lib/gcc/arm-none-eabi/11.3.1/../../../../arm-none-eabi/lib/thumb/v7e-m+fp/hard/libc_nano.a(libc_a-errno.o)
 .ARM.attributes
                0x0000000000000483       0x34 /Applications/STM32CubeIDE.app/Contents/Eclipse/plugins/com.st.stm32cube.ide.mcu.externaltools.gnu-tools-for-stm32.11.3.rel1.macos64_1.1.1.202309131626/tools/bin/../lib/gcc/arm-none-eabi/11.3.1/../../../../arm-none-eabi/lib/thumb/v7e-m+fp/hard/libc_nano.a(libc_a-init.o)
 .ARM.attributes
                0x00000000000004b7       0x34 /Applications/STM32CubeIDE.app/Contents/Eclipse/plugins/com.st.stm32cube.ide.mcu.externaltools.gnu-tools-for-stm32.11.3.rel1.macos64_1.1.1.202309131626/tools/bin/../lib/gcc/arm-none-eabi/11.3.1/../../../../arm-none-eabi/lib/thumb/v7e-m+fp/hard/libc_nano.a(libc_a-lock.o)
 .ARM.attributes
                0x00000000000004eb       0x34 /Applications/STM32CubeIDE.app/Contents/Eclipse/plugins/com.st.stm32cube.ide.mcu.externaltools.gnu-tools-for-stm32.11.3.rel1.macos64_1.1.1.202309131626/tools/bin/../lib/gcc/arm-none-eabi/11.3.1/../../../../arm-none-eabi/lib/thumb/v7e-m+fp/hard/libc_nano.a(libc_a-memcpy-stub.o)
 .ARM.attributes
                0x000000000000051f       0x34 /Applications/STM32CubeIDE.app/Contents/Eclipse/plugins/com.st.stm32cube.ide.mcu.externaltools.gnu-tools-for-stm32.11.3.rel1.macos64_1.1.1.202309131626/tools/bin/../lib/gcc/arm-none-eabi/11.3.1/../../../../arm-none-eabi/lib/thumb/v7e-m+fp/hard/libc_nano.a(libc_a-freer.o)
 .ARM.attributes
                0x0000000000000553       0x34 /Applications/STM32CubeIDE.app/Contents/Eclipse/plugins/com.st.stm32cube.ide.mcu.externaltools.gnu-tools-for-stm32.11.3.rel1.macos64_1.1.1.202309131626/tools/bin/../lib/gcc/arm-none-eabi/11.3.1/../../../../arm-none-eabi/lib/thumb/v7e-m+fp/hard/libc_nano.a(libc_a-reent.o)
 .ARM.attributes
                0x0000000000000587       0x1e /Applications/STM32CubeIDE.app/Contents/Eclipse/plugins/com.st.stm32cube.ide.mcu.externaltools.gnu-tools-for-stm32.11.3.rel1.macos64_1.1.1.202309131626/tools/bin/../lib/gcc/arm-none-eabi/11.3.1/thumb/v7e-m+fp/hard/crtn.o
OUTPUT(youlostit-ble.elf elf32-littlearm)
LOAD linker stubs
LOAD /Applications/STM32CubeIDE.app/Contents/Eclipse/plugins/com.st.stm32cube.ide.mcu.externaltools.gnu-tools-for-stm32.11.3.rel1.macos64_1.1.1.202309131626/tools/bin/../lib/gcc/arm-none-eabi/11.3.1/../../../../arm-none-eabi/lib/thumb/v7e-m+fp/hard/libc.a
LOAD /Applications/STM32CubeIDE.app/Contents/Eclipse/plugins/com.st.stm32cube.ide.mcu.externaltools.gnu-tools-for-stm32.11.3.rel1.macos64_1.1.1.202309131626/tools/bin/../lib/gcc/arm-none-eabi/11.3.1/../../../../arm-none-eabi/lib/thumb/v7e-m+fp/hard/libm.a
LOAD /Applications/STM32CubeIDE.app/Contents/Eclipse/plugins/com.st.stm32cube.ide.mcu.externaltools.gnu-tools-for-stm32.11.3.rel1.macos64_1.1.1.202309131626/tools/bin/../lib/gcc/arm-none-eabi/11.3.1/thumb/v7e-m+fp/hard/libgcc.a

.comment        0x0000000000000000       0x43
 .comment       0x0000000000000000       0x43 /Applications/STM32CubeIDE.app/Contents/Eclipse/plugins/com.st.stm32cube.ide.mcu.externaltools.gnu-tools-for-stm32.11.3.rel1.macos64_1.1.1.202309131626/tools/bin/../lib/gcc/arm-none-eabi/11.3.1/thumb/v7e-m+fp/hard/crtbegin.o
                                         0x44 (size before relaxing)
 .comment       0x0000000000000043       0x44 ./Core/Src/ble.o
 .comment       0x0000000000000043       0x44 ./Core/Src/main.o
 .comment       0x0000000000000043       0x44 ./Core/Src/stm32l4xx_hal_msp.o
 .comment       0x0000000000000043       0x44 ./Core/Src/stm32l4xx_it.o
 .comment       0x0000000000000043       0x44 ./Core/Src/syscalls.o
 .comment       0x0000000000000043       0x44 ./Core/Src/system_stm32l4xx.o
 .comment       0x0000000000000043       0x44 ./Drivers/STM32L4xx_HAL_Driver/Src/stm32l4xx_hal.o
 .comment       0x0000000000000043       0x44 ./Drivers/STM32L4xx_HAL_Driver/Src/stm32l4xx_hal_cortex.o
 .comment       0x0000000000000043       0x44 ./Drivers/STM32L4xx_HAL_Driver/Src/stm32l4xx_hal_gpio.o
 .comment       0x0000000000000043       0x44 ./Drivers/STM32L4xx_HAL_Driver/Src/stm32l4xx_hal_pwr_ex.o
 .comment       0x0000000000000043       0x44 ./Drivers/STM32L4xx_HAL_Driver/Src/stm32l4xx_hal_rcc.o
 .comment       0x0000000000000043       0x44 ./Drivers/STM32L4xx_HAL_Driver/Src/stm32l4xx_hal_spi.o

.debug_info     0x0000000000000000     0x8e0d
 .debug_info    0x0000000000000000      0xe84 ./Core/Src/ble.o
 .debug_info    0x0000000000000e84      0xf53 ./Core/Src/main.o
 .debug_info    0x0000000000001dd7     0x16ae ./Core/Src/stm32l4xx_hal_msp.o
 .debug_info    0x0000000000003485      0x158 ./Core/Src/stm32l4xx_it.o
 .debug_info    0x00000000000035dd      0x715 ./Core/Src/syscalls.o
 .debug_info    0x0000000000003cf2      0x5ce ./Core/Src/system_stm32l4xx.o
 .debug_info    0x00000000000042c0       0x23 ./Core/Startup/startup_stm32l475vgtx.o
 .debug_info    0x00000000000042e3      0xae5 ./Drivers/STM32L4xx_HAL_Driver/Src/stm32l4xx_hal.o
 .debug_info    0x0000000000004dc8      0xd46 ./Drivers/STM32L4xx_HAL_Driver/Src/stm32l4xx_hal_cortex.o
 .debug_info    0x0000000000005b0e      0x757 ./Drivers/STM32L4xx_HAL_Driver/Src/stm32l4xx_hal_gpio.o
 .debug_info    0x0000000000006265      0x97a ./Drivers/STM32L4xx_HAL_Driver/Src/stm32l4xx_hal_pwr_ex.o
 .debug_info    0x0000000000006bdf      0xc14 ./Drivers/STM32L4xx_HAL_Driver/Src/stm32l4xx_hal_rcc.o
 .debug_info    0x00000000000077f3     0x161a ./Drivers/STM32L4xx_HAL_Driver/Src/stm32l4xx_hal_spi.o

.debug_abbrev   0x0000000000000000     0x1a2c
 .debug_abbrev  0x0000000000000000      0x308 ./Core/Src/ble.o
 .debug_abbrev  0x0000000000000308      0x2a3 ./Core/Src/main.o
 .debug_abbrev  0x00000000000005ab      0x251 ./Core/Src/stm32l4xx_hal_msp.o
 .debug_abbrev  0x00000000000007fc       0xb3 ./Core/Src/stm32l4xx_it.o
 .debug_abbrev  0x00000000000008af      0x1ca ./Core/Src/syscalls.o
 .debug_abbrev  0x0000000000000a79      0x13f ./Core/Src/system_stm32l4xx.o
 .debug_abbrev  0x0000000000000bb8       0x12 ./Core/Startup/startup_stm32l475vgtx.o
 .debug_abbrev  0x0000000000000bca      0x242 ./Drivers/STM32L4xx_HAL_Driver/Src/stm32l4xx_hal.o
 .debug_abbrev  0x0000000000000e0c      0x327 ./Drivers/STM32L4xx_HAL_Driver/Src/stm32l4xx_hal_cortex.o
 .debug_abbrev  0x0000000000001133      0x1cb ./Drivers/STM32L4xx_HAL_Driver/Src/stm32l4xx_hal_gpio.o
 .debug_abbrev  0x00000000000012fe      0x1f9 ./Drivers/STM32L4xx_HAL_Driver/Src/stm32l4xx_hal_pwr_ex.o
 .debug_abbrev  0x00000000000014f7      0x2cb ./Drivers/STM32L4xx_HAL_Driver/Src/stm32l4xx_hal_rcc.o
 .debug_abbrev  0x00000000000017c2      0x26a ./Drivers/STM32L4xx_HAL_Driver/Src/stm32l4xx_hal_spi.o

.debug_aranges  0x0000000000000000      0x8d8
 .debug_aranges
                0x0000000000000000       0x70 ./Core/Src/ble.o
 .debug_aranges
                0x0000000000000070       0x40 ./Core/Src/main.o
 .debug_aranges
                0x00000000000000b0       0x68 ./Core/Src/stm32l4xx_hal_msp.o
 .debug_aranges
                0x0000000000000118       0x68 ./Core/Src/stm32l4xx_it.o
 .debug_aranges
                0x0000000000000180       0xb0 ./Core/Src/syscalls.o
 .debug_aranges
                0x0000000000000230       0x28 ./Core/Src/system_stm32l4xx.o
 .debug_aranges
                0x0000000000000258       0x28 ./Core/Startup/startup_stm32l475vgtx.o
 .debug_aranges
                0x0000000000000280      0x130 ./Drivers/STM32L4xx_HAL_Driver/Src/stm32l4xx_hal.o
 .debug_aranges
                0x00000000000003b0      0x118 ./Drivers/STM32L4xx_HAL_Driver/Src/stm32l4xx_hal_cortex.o
 .debug_aranges
                0x00000000000004c8       0x58 ./Drivers/STM32L4xx_HAL_Driver/Src/stm32l4xx_hal_gpio.o
 .debug_aranges
                0x0000000000000520      0x150 ./Drivers/STM32L4xx_HAL_Driver/Src/stm32l4xx_hal_pwr_ex.o
 .debug_aranges
                0x0000000000000670       0x90 ./Drivers/STM32L4xx_HAL_Driver/Src/stm32l4xx_hal_rcc.o
 .debug_aranges
                0x0000000000000700      0x1d8 ./Drivers/STM32L4xx_HAL_Driver/Src/stm32l4xx_hal_spi.o

.debug_rnglists
                0x0000000000000000      0x698
 .debug_rnglists
                0x0000000000000000       0x56 ./Core/Src/ble.o
 .debug_rnglists
                0x0000000000000056       0x2e ./Core/Src/main.o
 .debug_rnglists
                0x0000000000000084       0x4b ./Core/Src/stm32l4xx_hal_msp.o
 .debug_rnglists
                0x00000000000000cf       0x49 ./Core/Src/stm32l4xx_it.o
 .debug_rnglists
                0x0000000000000118       0x7f ./Core/Src/syscalls.o
 .debug_rnglists
                0x0000000000000197       0x1a ./Core/Src/system_stm32l4xx.o
 .debug_rnglists
                0x00000000000001b1       0x19 ./Core/Startup/startup_stm32l475vgtx.o
 .debug_rnglists
                0x00000000000001ca       0xdf ./Drivers/STM32L4xx_HAL_Driver/Src/stm32l4xx_hal.o
 .debug_rnglists
                0x00000000000002a9       0xce ./Drivers/STM32L4xx_HAL_Driver/Src/stm32l4xx_hal_cortex.o
 .debug_rnglists
                0x0000000000000377       0x3f ./Drivers/STM32L4xx_HAL_Driver/Src/stm32l4xx_hal_gpio.o
 .debug_rnglists
                0x00000000000003b6       0xfd ./Drivers/STM32L4xx_HAL_Driver/Src/stm32l4xx_hal_pwr_ex.o
 .debug_rnglists
                0x00000000000004b3       0x6d ./Drivers/STM32L4xx_HAL_Driver/Src/stm32l4xx_hal_rcc.o
 .debug_rnglists
                0x0000000000000520      0x178 ./Drivers/STM32L4xx_HAL_Driver/Src/stm32l4xx_hal_spi.o

.debug_macro    0x0000000000000000    0x26ea3
 .debug_macro   0x0000000000000000      0x2fd ./Core/Src/ble.o
 .debug_macro   0x00000000000002fd      0xaa8 ./Core/Src/ble.o
 .debug_macro   0x0000000000000da5      0x1ad ./Core/Src/ble.o
 .debug_macro   0x0000000000000f52       0x2e ./Core/Src/ble.o
 .debug_macro   0x0000000000000f80       0x28 ./Core/Src/ble.o
 .debug_macro   0x0000000000000fa8       0x22 ./Core/Src/ble.o
 .debug_macro   0x0000000000000fca       0x8e ./Core/Src/ble.o
 .debug_macro   0x0000000000001058       0x51 ./Core/Src/ble.o
 .debug_macro   0x00000000000010a9      0x103 ./Core/Src/ble.o
 .debug_macro   0x00000000000011ac       0x6a ./Core/Src/ble.o
 .debug_macro   0x0000000000001216      0x1df ./Core/Src/ble.o
 .debug_macro   0x00000000000013f5       0x1c ./Core/Src/ble.o
 .debug_macro   0x0000000000001411       0x22 ./Core/Src/ble.o
 .debug_macro   0x0000000000001433       0xfb ./Core/Src/ble.o
 .debug_macro   0x000000000000152e     0x1011 ./Core/Src/ble.o
 .debug_macro   0x000000000000253f      0x11f ./Core/Src/ble.o
 .debug_macro   0x000000000000265e    0x19dc7 ./Core/Src/ble.o
 .debug_macro   0x000000000001c425       0x6d ./Core/Src/ble.o
 .debug_macro   0x000000000001c492     0x38e6 ./Core/Src/ble.o
 .debug_macro   0x000000000001fd78      0x174 ./Core/Src/ble.o
 .debug_macro   0x000000000001feec       0x5c ./Core/Src/ble.o
 .debug_macro   0x000000000001ff48     0x1558 ./Core/Src/ble.o
 .debug_macro   0x00000000000214a0      0x5a5 ./Core/Src/ble.o
 .debug_macro   0x0000000000021a45      0x1b9 ./Core/Src/ble.o
 .debug_macro   0x0000000000021bfe      0x17d ./Core/Src/ble.o
 .debug_macro   0x0000000000021d7b      0x26b ./Core/Src/ble.o
 .debug_macro   0x0000000000021fe6      0x23d ./Core/Src/ble.o
 .debug_macro   0x0000000000022223      0x241 ./Core/Src/ble.o
 .debug_macro   0x0000000000022464      0x37c ./Core/Src/ble.o
 .debug_macro   0x00000000000227e0       0xd6 ./Core/Src/ble.o
 .debug_macro   0x00000000000228b6      0x22c ./Core/Src/ble.o
 .debug_macro   0x0000000000022ae2       0x61 ./Core/Src/ble.o
 .debug_macro   0x0000000000022b43       0xa5 ./Core/Src/ble.o
 .debug_macro   0x0000000000022be8      0x122 ./Core/Src/ble.o
 .debug_macro   0x0000000000022d0a      0x3e8 ./Core/Src/ble.o
 .debug_macro   0x00000000000230f2      0x2fe ./Core/Src/ble.o
 .debug_macro   0x00000000000233f0      0xa98 ./Core/Src/ble.o
 .debug_macro   0x0000000000023e88      0x1e6 ./Core/Src/ble.o
 .debug_macro   0x000000000002406e      0x330 ./Core/Src/ble.o
 .debug_macro   0x000000000002439e       0x46 ./Core/Src/ble.o
 .debug_macro   0x00000000000243e4       0x22 ./Core/Src/ble.o
 .debug_macro   0x0000000000024406       0x2a ./Core/Src/ble.o
 .debug_macro   0x0000000000024430       0x61 ./Core/Src/ble.o
 .debug_macro   0x0000000000024491       0x43 ./Core/Src/ble.o
 .debug_macro   0x00000000000244d4       0x34 ./Core/Src/ble.o
 .debug_macro   0x0000000000024508       0x16 ./Core/Src/ble.o
 .debug_macro   0x000000000002451e       0x35 ./Core/Src/ble.o
 .debug_macro   0x0000000000024553       0x16 ./Core/Src/ble.o
 .debug_macro   0x0000000000024569       0x43 ./Core/Src/ble.o
 .debug_macro   0x00000000000245ac       0x34 ./Core/Src/ble.o
 .debug_macro   0x00000000000245e0       0x10 ./Core/Src/ble.o
 .debug_macro   0x00000000000245f0       0x58 ./Core/Src/ble.o
 .debug_macro   0x0000000000024648       0x8e ./Core/Src/ble.o
 .debug_macro   0x00000000000246d6       0x1c ./Core/Src/ble.o
 .debug_macro   0x00000000000246f2      0x177 ./Core/Src/ble.o
 .debug_macro   0x0000000000024869      0x369 ./Core/Src/ble.o
 .debug_macro   0x0000000000024bd2       0x16 ./Core/Src/ble.o
 .debug_macro   0x0000000000024be8       0x29 ./Core/Src/ble.o
 .debug_macro   0x0000000000024c11       0x16 ./Core/Src/ble.o
 .debug_macro   0x0000000000024c27       0x20 ./Core/Src/ble.o
 .debug_macro   0x0000000000024c47       0x1c ./Core/Src/ble.o
 .debug_macro   0x0000000000024c63      0x2c4 ./Core/Src/main.o
 .debug_macro   0x0000000000024f27      0x1e9 ./Core/Src/stm32l4xx_hal_msp.o
 .debug_macro   0x0000000000025110      0x206 ./Core/Src/stm32l4xx_it.o
 .debug_macro   0x0000000000025316      0x274 ./Core/Src/syscalls.o
 .debug_macro   0x000000000002558a       0x5b ./Core/Src/syscalls.o
 .debug_macro   0x00000000000255e5       0x94 ./Core/Src/syscalls.o
 .debug_macro   0x0000000000025679       0x57 ./Core/Src/syscalls.o
 .debug_macro   0x00000000000256d0       0x10 ./Core/Src/syscalls.o
 .debug_macro   0x00000000000256e0       0x10 ./Core/Src/syscalls.o
 .debug_macro   0x00000000000256f0       0x10 ./Core/Src/syscalls.o
 .debug_macro   0x0000000000025700       0x10 ./Core/Src/syscalls.o
 .debug_macro   0x0000000000025710       0x1c ./Core/Src/syscalls.o
 .debug_macro   0x000000000002572c       0x52 ./Core/Src/syscalls.o
 .debug_macro   0x000000000002577e       0x22 ./Core/Src/syscalls.o
 .debug_macro   0x00000000000257a0       0x10 ./Core/Src/syscalls.o
 .debug_macro   0x00000000000257b0       0x52 ./Core/Src/syscalls.o
 .debug_macro   0x0000000000025802       0xcf ./Core/Src/syscalls.o
 .debug_macro   0x00000000000258d1       0x1c ./Core/Src/syscalls.o
 .debug_macro   0x00000000000258ed       0x3d ./Core/Src/syscalls.o
 .debug_macro   0x000000000002592a       0x35 ./Core/Src/syscalls.o
 .debug_macro   0x000000000002595f      0x12c ./Core/Src/syscalls.o
 .debug_macro   0x0000000000025a8b       0x10 ./Core/Src/syscalls.o
 .debug_macro   0x0000000000025a9b      0x242 ./Core/Src/syscalls.o
 .debug_macro   0x0000000000025cdd       0x1c ./Core/Src/syscalls.o
 .debug_macro   0x0000000000025cf9       0x10 ./Core/Src/syscalls.o
 .debug_macro   0x0000000000025d09       0x10 ./Core/Src/syscalls.o
 .debug_macro   0x0000000000025d19       0x16 ./Core/Src/syscalls.o
 .debug_macro   0x0000000000025d2f      0x147 ./Core/Src/syscalls.o
 .debug_macro   0x0000000000025e76      0x18a ./Core/Src/syscalls.o
 .debug_macro   0x0000000000026000       0x16 ./Core/Src/syscalls.o
 .debug_macro   0x0000000000026016       0xce ./Core/Src/syscalls.o
 .debug_macro   0x00000000000260e4      0x1e0 ./Core/Src/system_stm32l4xx.o
 .debug_macro   0x00000000000262c4      0x228 ./Drivers/STM32L4xx_HAL_Driver/Src/stm32l4xx_hal.o
 .debug_macro   0x00000000000264ec      0x1da ./Drivers/STM32L4xx_HAL_Driver/Src/stm32l4xx_hal_cortex.o
 .debug_macro   0x00000000000266c6      0x1e1 ./Drivers/STM32L4xx_HAL_Driver/Src/stm32l4xx_hal_gpio.o
 .debug_macro   0x00000000000268a7      0x1fe ./Drivers/STM32L4xx_HAL_Driver/Src/stm32l4xx_hal_pwr_ex.o
 .debug_macro   0x0000000000026aa5      0x21c ./Drivers/STM32L4xx_HAL_Driver/Src/stm32l4xx_hal_rcc.o
 .debug_macro   0x0000000000026cc1      0x1e2 ./Drivers/STM32L4xx_HAL_Driver/Src/stm32l4xx_hal_spi.o

.debug_line     0x0000000000000000     0x94f9
 .debug_line    0x0000000000000000      0xba1 ./Core/Src/ble.o
 .debug_line    0x0000000000000ba1      0x992 ./Core/Src/main.o
 .debug_line    0x0000000000001533      0x85d ./Core/Src/stm32l4xx_hal_msp.o
 .debug_line    0x0000000000001d90      0x7f2 ./Core/Src/stm32l4xx_it.o
 .debug_line    0x0000000000002582      0x87e ./Core/Src/syscalls.o
 .debug_line    0x0000000000002e00      0x7d6 ./Core/Src/system_stm32l4xx.o
 .debug_line    0x00000000000035d6       0x7a ./Core/Startup/startup_stm32l475vgtx.o
 .debug_line    0x0000000000003650      0xafb ./Drivers/STM32L4xx_HAL_Driver/Src/stm32l4xx_hal.o
 .debug_line    0x000000000000414b      0xca2 ./Drivers/STM32L4xx_HAL_Driver/Src/stm32l4xx_hal_cortex.o
 .debug_line    0x0000000000004ded      0xb6f ./Drivers/STM32L4xx_HAL_Driver/Src/stm32l4xx_hal_gpio.o
 .debug_line    0x000000000000595c      0xcc3 ./Drivers/STM32L4xx_HAL_Driver/Src/stm32l4xx_hal_pwr_ex.o
 .debug_line    0x000000000000661f      0xf72 ./Drivers/STM32L4xx_HAL_Driver/Src/stm32l4xx_hal_rcc.o
 .debug_line    0x0000000000007591     0x1f68 ./Drivers/STM32L4xx_HAL_Driver/Src/stm32l4xx_hal_spi.o

.debug_str      0x0000000000000000    0xf0ac9
 .debug_str     0x0000000000000000    0xeb945 ./Core/Src/ble.o
                                      0xebc71 (size before relaxing)
 .debug_str     0x00000000000eb945      0x7fc ./Core/Src/main.o
                                      0xebfc9 (size before relaxing)
 .debug_str     0x00000000000ec141      0x8b2 ./Core/Src/stm32l4xx_hal_msp.o
                                      0xe9464 (size before relaxing)
 .debug_str     0x00000000000ec9f3       0xf5 ./Core/Src/stm32l4xx_it.o
                                      0xe8142 (size before relaxing)
 .debug_str     0x00000000000ecae8     0x267c ./Core/Src/syscalls.o
                                       0x98e1 (size before relaxing)
 .debug_str     0x00000000000ef164      0x107 ./Core/Src/system_stm32l4xx.o
                                      0xe8114 (size before relaxing)
 .debug_str     0x00000000000ef26b       0x34 ./Core/Startup/startup_stm32l475vgtx.o
                                         0x76 (size before relaxing)
 .debug_str     0x00000000000ef29f      0x631 ./Drivers/STM32L4xx_HAL_Driver/Src/stm32l4xx_hal.o
                                      0xe8c83 (size before relaxing)
 .debug_str     0x00000000000ef8d0      0x31d ./Drivers/STM32L4xx_HAL_Driver/Src/stm32l4xx_hal_cortex.o
                                      0xe8937 (size before relaxing)
 .debug_str     0x00000000000efbed       0xfe ./Drivers/STM32L4xx_HAL_Driver/Src/stm32l4xx_hal_gpio.o
                                      0xe8272 (size before relaxing)
 .debug_str     0x00000000000efceb      0x4a8 ./Drivers/STM32L4xx_HAL_Driver/Src/stm32l4xx_hal_pwr_ex.o
                                      0xe8619 (size before relaxing)
 .debug_str     0x00000000000f0193      0x3ac ./Drivers/STM32L4xx_HAL_Driver/Src/stm32l4xx_hal_rcc.o
                                      0xe873f (size before relaxing)
 .debug_str     0x00000000000f053f      0x58a ./Drivers/STM32L4xx_HAL_Driver/Src/stm32l4xx_hal_spi.o
                                      0xe891a (size before relaxing)

.debug_frame    0x0000000000000000     0x2640
 .debug_frame   0x0000000000000000      0x1b0 ./Core/Src/ble.o
 .debug_frame   0x00000000000001b0       0xb0 ./Core/Src/main.o
 .debug_frame   0x0000000000000260      0x188 ./Core/Src/stm32l4xx_hal_msp.o
 .debug_frame   0x00000000000003e8      0x120 ./Core/Src/stm32l4xx_it.o
 .debug_frame   0x0000000000000508      0x2d0 ./Core/Src/syscalls.o
 .debug_frame   0x00000000000007d8       0x58 ./Core/Src/system_stm32l4xx.o
 .debug_frame   0x0000000000000830      0x498 ./Drivers/STM32L4xx_HAL_Driver/Src/stm32l4xx_hal.o
 .debug_frame   0x0000000000000cc8      0x498 ./Drivers/STM32L4xx_HAL_Driver/Src/stm32l4xx_hal_cortex.o
 .debug_frame   0x0000000000001160      0x14c ./Drivers/STM32L4xx_HAL_Driver/Src/stm32l4xx_hal_gpio.o
 .debug_frame   0x00000000000012ac      0x544 ./Drivers/STM32L4xx_HAL_Driver/Src/stm32l4xx_hal_pwr_ex.o
 .debug_frame   0x00000000000017f0      0x21c ./Drivers/STM32L4xx_HAL_Driver/Src/stm32l4xx_hal_rcc.o
 .debug_frame   0x0000000000001a0c      0x860 ./Drivers/STM32L4xx_HAL_Driver/Src/stm32l4xx_hal_spi.o
 .debug_frame   0x000000000000226c       0x30 /Applications/STM32CubeIDE.app/Contents/Eclipse/plugins/com.st.stm32cube.ide.mcu.externaltools.gnu-tools-for-stm32.11.3.rel1.macos64_1.1.1.202309131626/tools/bin/../lib/gcc/arm-none-eabi/11.3.1/../../../../arm-none-eabi/lib/thumb/v7e-m+fp/hard/libc_nano.a(libc_a-malloc.o)
 .debug_frame   0x000000000000229c       0x50 /Applications/STM32CubeIDE.app/Contents/Eclipse/plugins/com.st.stm32cube.ide.mcu.externaltools.gnu-tools-for-stm32.11.3.rel1.macos64_1.1.1.202309131626/tools/bin/../lib/gcc/arm-none-eabi/11.3.1/../../../../arm-none-eabi/lib/thumb/v7e-m+fp/hard/libc_nano.a(libc_a-mallocr.o)
 .debug_frame   0x00000000000022ec       0x30 /Applications/STM32CubeIDE.app/Contents/Eclipse/plugins/com.st.stm32cube.ide.mcu.externaltools.gnu-tools-for-stm32.11.3.rel1.macos64_1.1.1.202309131626/tools/bin/../lib/gcc/arm-none-eabi/11.3.1/../../../../arm-none-eabi/lib/thumb/v7e-m+fp/hard/libc_nano.a(libc_a-mlock.o)
 .debug_frame   0x000000000000231c      0x144 /Applications/STM32CubeIDE.app/Contents/Eclipse/plugins/com.st.stm32cube.ide.mcu.externaltools.gnu-tools-for-stm32.11.3.rel1.macos64_1.1.1.202309131626/tools/bin/../lib/gcc/arm-none-eabi/11.3.1/../../../../arm-none-eabi/lib/thumb/v7e-m+fp/hard/libc_nano.a(libc_a-findfp.o)
 .debug_frame   0x0000000000002460       0x20 /Applications/STM32CubeIDE.app/Contents/Eclipse/plugins/com.st.stm32cube.ide.mcu.externaltools.gnu-tools-for-stm32.11.3.rel1.macos64_1.1.1.202309131626/tools/bin/../lib/gcc/arm-none-eabi/11.3.1/../../../../arm-none-eabi/lib/thumb/v7e-m+fp/hard/libc_nano.a(libc_a-memset.o)
 .debug_frame   0x0000000000002480       0x2c /Applications/STM32CubeIDE.app/Contents/Eclipse/plugins/com.st.stm32cube.ide.mcu.externaltools.gnu-tools-for-stm32.11.3.rel1.macos64_1.1.1.202309131626/tools/bin/../lib/gcc/arm-none-eabi/11.3.1/../../../../arm-none-eabi/lib/thumb/v7e-m+fp/hard/libc_nano.a(libc_a-sbrkr.o)
 .debug_frame   0x00000000000024ac       0x20 /Applications/STM32CubeIDE.app/Contents/Eclipse/plugins/com.st.stm32cube.ide.mcu.externaltools.gnu-tools-for-stm32.11.3.rel1.macos64_1.1.1.202309131626/tools/bin/../lib/gcc/arm-none-eabi/11.3.1/../../../../arm-none-eabi/lib/thumb/v7e-m+fp/hard/libc_nano.a(libc_a-errno.o)
 .debug_frame   0x00000000000024cc       0x2c /Applications/STM32CubeIDE.app/Contents/Eclipse/plugins/com.st.stm32cube.ide.mcu.externaltools.gnu-tools-for-stm32.11.3.rel1.macos64_1.1.1.202309131626/tools/bin/../lib/gcc/arm-none-eabi/11.3.1/../../../../arm-none-eabi/lib/thumb/v7e-m+fp/hard/libc_nano.a(libc_a-init.o)
 .debug_frame   0x00000000000024f8       0xb0 /Applications/STM32CubeIDE.app/Contents/Eclipse/plugins/com.st.stm32cube.ide.mcu.externaltools.gnu-tools-for-stm32.11.3.rel1.macos64_1.1.1.202309131626/tools/bin/../lib/gcc/arm-none-eabi/11.3.1/../../../../arm-none-eabi/lib/thumb/v7e-m+fp/hard/libc_nano.a(libc_a-lock.o)
 .debug_frame   0x00000000000025a8       0x28 /Applications/STM32CubeIDE.app/Contents/Eclipse/plugins/com.st.stm32cube.ide.mcu.externaltools.gnu-tools-for-stm32.11.3.rel1.macos64_1.1.1.202309131626/tools/bin/../lib/gcc/arm-none-eabi/11.3.1/../../../../arm-none-eabi/lib/thumb/v7e-m+fp/hard/libc_nano.a(libc_a-memcpy-stub.o)
 .debug_frame   0x00000000000025d0       0x38 /Applications/STM32CubeIDE.app/Contents/Eclipse/plugins/com.st.stm32cube.ide.mcu.externaltools.gnu-tools-for-stm32.11.3.rel1.macos64_1.1.1.202309131626/tools/bin/../lib/gcc/arm-none-eabi/11.3.1/../../../../arm-none-eabi/lib/thumb/v7e-m+fp/hard/libc_nano.a(libc_a-freer.o)
 .debug_frame   0x0000000000002608       0x38 /Applications/STM32CubeIDE.app/Contents/Eclipse/plugins/com.st.stm32cube.ide.mcu.externaltools.gnu-tools-for-stm32.11.3.rel1.macos64_1.1.1.202309131626/tools/bin/../lib/gcc/arm-none-eabi/11.3.1/../../../../arm-none-eabi/lib/thumb/v7e-m+fp/hard/libc_nano.a(libc_a-reent.o)

.debug_line_str
                0x0000000000000000       0x6a
 .debug_line_str
                0x0000000000000000       0x6a ./Core/Startup/startup_stm32l475vgtx.o
                                         0x82 (size before relaxing)
